15:27:45 **** Incremental Build of configuration Debug for project LAB1 ****
make -j12 all 
arm-none-eabi-gcc -o "LAB1.elf" @"objects.list"   -mcpu=cortex-m3 -T"D:\Applications\VXL_VDK_Lab\vxl_vdk_lab1\STM32\LAB1\STM32F103C6UX_FLASH.ld" --specs=nosys.specs -Wl,-Map="LAB1.map" -Wl,--gc-sections -static --specs=nano.specs -mfloat-abi=soft -mthumb -Wl,--start-group -lc -lm -Wl,--end-group
Finished building target: LAB1.elf
 
arm-none-eabi-size   LAB1.elf 
arm-none-eabi-objdump -h -S  LAB1.elf  > "LAB1.list"
arm-none-eabi-objcopy  -O ihex  LAB1.elf  "LAB1.hex"
arm-none-eabi-objcopy  -O binary  LAB1.elf  "LAB1.bin"
   text	   data	    bss	    dec	    hex	filename
   4616	     20	   1572	   6208	   1840	LAB1.elf
Finished building: default.size.stdout
 
Finished building: LAB1.hex
Finished building: LAB1.bin
 
 
Finished building: LAB1.list
 

15:27:46 Build Finished. 0 errors, 0 warnings. (took 760ms)

